// Jest Snapshot v1, https://goo.gl/fbAQLP

exports[`<Event /> should render component 1`] = `
<Fragment>
  <div
    className="event"
    onClick={[Function]}
    style={
      Object {
        "height": 100,
        "marginTop": 10,
      }
    }
  >
    <div
      className="event__title"
    >
      fake-title
    </div>
    <div
      className="event__time"
    >
      12:25
    </div>
  </div>
</Fragment>
`;
