// Jest Snapshot v1, https://goo.gl/fbAQLP

exports[`<Navigation /> should display component 1`] = `
<header
  className="calendar__header"
>
  <div
    className="calendar__day-label day-label"
    key="83.56556136075315"
  >
    <span
      className="day-label__day-name"
    >
      Mon
    </span>
    <span
      className="day-label__day-number"
    >
      22
    </span>
  </div>
  <div
    className="calendar__day-label day-label"
    key="76.86432528061131"
  >
    <span
      className="day-label__day-name"
    >
      Tue
    </span>
    <span
      className="day-label__day-number"
    >
      23
    </span>
  </div>
  <div
    className="calendar__day-label day-label"
    key="4.657877738070071"
  >
    <span
      className="day-label__day-name"
    >
      Wed
    </span>
    <span
      className="day-label__day-number"
    >
      24
    </span>
  </div>
  <div
    className="calendar__day-label day-label"
    key="82.1435584396841"
  >
    <span
      className="day-label__day-name"
    >
      Thu
    </span>
    <span
      className="day-label__day-number"
    >
      25
    </span>
  </div>
  <div
    className="calendar__day-label day-label"
    key="97.91885777549017"
  >
    <span
      className="day-label__day-name"
    >
      Fri
    </span>
    <span
      className="day-label__day-number"
    >
      26
    </span>
  </div>
  <div
    className="calendar__day-label day-label"
    key="91.07670494369393"
  >
    <span
      className="day-label__day-name"
    >
      Sat
    </span>
    <span
      className="day-label__day-number"
    >
      27
    </span>
  </div>
  <div
    className="calendar__day-label day-label"
    key="25.89141511346511"
  >
    <span
      className="day-label__day-name"
    >
      Sun
    </span>
    <span
      className="day-label__day-number"
    >
      28
    </span>
  </div>
</header>
`;
