// Jest Snapshot v1, https://goo.gl/fbAQLP

exports[`<Sidebar /> should display component 1`] = `
<div
  className="calendar__time-scale"
>
  <div
    className="time-slot"
    key="77.754933531842"
  >
    <span
      className="time-slot__time"
    >
      0:00
    </span>
  </div>
  <div
    className="time-slot"
    key="19.06645768360451"
  >
    <span
      className="time-slot__time"
    >
      1:00
    </span>
  </div>
  <div
    className="time-slot"
    key="19.140789227547494"
  >
    <span
      className="time-slot__time"
    >
      2:00
    </span>
  </div>
  <div
    className="time-slot"
    key="10.953844979992455"
  >
    <span
      className="time-slot__time"
    >
      3:00
    </span>
  </div>
  <div
    className="time-slot"
    key="32.50668636704843"
  >
    <span
      className="time-slot__time"
    >
      4:00
    </span>
  </div>
  <div
    className="time-slot"
    key="24.260347390059888"
  >
    <span
      className="time-slot__time"
    >
      5:00
    </span>
  </div>
  <div
    className="time-slot"
    key="79.31557475251465"
  >
    <span
      className="time-slot__time"
    >
      6:00
    </span>
  </div>
  <div
    className="time-slot"
    key="71.13200738357048"
  >
    <span
      className="time-slot__time"
    >
      7:00
    </span>
  </div>
  <div
    className="time-slot"
    key="38.71020218583916"
  >
    <span
      className="time-slot__time"
    >
      8:00
    </span>
  </div>
  <div
    className="time-slot"
    key="9.997687330260675"
  >
    <span
      className="time-slot__time"
    >
      9:00
    </span>
  </div>
  <div
    className="time-slot"
    key="36.34650891421718"
  >
    <span
      className="time-slot__time"
    >
      10:00
    </span>
  </div>
  <div
    className="time-slot"
    key="62.820922037356475"
  >
    <span
      className="time-slot__time"
    >
      11:00
    </span>
  </div>
  <div
    className="time-slot"
    key="12.851582338097224"
  >
    <span
      className="time-slot__time"
    >
      12:00
    </span>
  </div>
  <div
    className="time-slot"
    key="40.74562678496654"
  >
    <span
      className="time-slot__time"
    >
      13:00
    </span>
  </div>
  <div
    className="time-slot"
    key="64.23201471449713"
  >
    <span
      className="time-slot__time"
    >
      14:00
    </span>
  </div>
  <div
    className="time-slot"
    key="25.221108936852254"
  >
    <span
      className="time-slot__time"
    >
      15:00
    </span>
  </div>
  <div
    className="time-slot"
    key="98.38088432532743"
  >
    <span
      className="time-slot__time"
    >
      16:00
    </span>
  </div>
  <div
    className="time-slot"
    key="87.14441528366719"
  >
    <span
      className="time-slot__time"
    >
      17:00
    </span>
  </div>
  <div
    className="time-slot"
    key="66.83029606245366"
  >
    <span
      className="time-slot__time"
    >
      18:00
    </span>
  </div>
  <div
    className="time-slot"
    key="92.19154827324927"
  >
    <span
      className="time-slot__time"
    >
      19:00
    </span>
  </div>
  <div
    className="time-slot"
    key="2.072873820925092"
  >
    <span
      className="time-slot__time"
    >
      20:00
    </span>
  </div>
  <div
    className="time-slot"
    key="33.56699629855371"
  >
    <span
      className="time-slot__time"
    >
      21:00
    </span>
  </div>
  <div
    className="time-slot"
    key="31.254208117553418"
  >
    <span
      className="time-slot__time"
    >
      22:00
    </span>
  </div>
  <div
    className="time-slot"
    key="28.95651235235661"
  >
    <span
      className="time-slot__time"
    >
      23:00
    </span>
  </div>
</div>
`;
